// Jest Snapshot v1, https://goo.gl/fbAQLP

exports[`<Empty /> should render correctly 1`] = `
<body>
  <div>
    <div
      class="flex flex-col items-center text-center"
    >
      <img
        alt="Não há ítens no carrinho"
        data-nimg="1"
        decoding="async"
        height="380"
        loading="lazy"
        src="/_next/image?url=%2Fimg.jpg&w=828&q=75"
        srcset="/_next/image?url=%2Fimg.jpg&w=384&q=75 1x, /_next/image?url=%2Fimg.jpg&w=828&q=75 2x"
        style="color: transparent;"
        width="380"
      />
      <h2
        class="text-primary-500 text-2xl"
      >
        A simple title
      </h2>
      <p
        class="mb-4 text-lg font-light text-white"
      >
        A simple description
      </p>
      <a
        href="/"
      >
        Go back to store
      </a>
    </div>
  </div>
</body>
`;
